
> imbass-ui@0.1.0 server:build
> tsc -p server/tsconfig.json

server/src/services/dataService.ts(22,9): error TS1127: Invalid character.
server/src/services/dataService.ts(22,10): error TS1136: Property assignment expected.
server/src/services/dataService.ts(29,5): error TS1005: ')' expected.
server/src/services/dataService.ts(30,7): error TS1005: ',' expected.
server/src/services/dataService.ts(32,5): error TS1005: ',' expected.
server/src/services/dataService.ts(32,10): error TS1005: ',' expected.
server/src/services/dataService.ts(32,20): error TS1005: ',' expected.
server/src/services/dataService.ts(33,5): error TS1005: ',' expected.
server/src/services/dataService.ts(33,10): error TS1005: ',' expected.
server/src/services/dataService.ts(33,15): error TS1005: ',' expected.
server/src/services/dataService.ts(33,28): error TS1005: ',' expected.
server/src/services/dataService.ts(33,30): error TS1005: ',' expected.
server/src/services/dataService.ts(33,33): error TS1005: ',' expected.
server/src/services/dataService.ts(33,54): error TS1005: ',' expected.
server/src/services/dataService.ts(33,58): error TS1005: ',' expected.
server/src/services/dataService.ts(34,5): error TS1005: ',' expected.
server/src/services/dataService.ts(34,10): error TS1005: ',' expected.
server/src/services/dataService.ts(34,15): error TS1005: ',' expected.
server/src/services/dataService.ts(34,21): error TS1005: ',' expected.
server/src/services/dataService.ts(34,23): error TS1005: ',' expected.
server/src/services/dataService.ts(34,26): error TS1005: ',' expected.
server/src/services/dataService.ts(35,5): error TS1005: ',' expected.
server/src/services/dataService.ts(35,10): error TS1005: ',' expected.
server/src/services/dataService.ts(35,15): error TS1005: ',' expected.
server/src/services/dataService.ts(35,24): error TS1005: ',' expected.
server/src/services/dataService.ts(35,26): error TS1005: ',' expected.
server/src/services/dataService.ts(35,29): error TS1005: ',' expected.
server/src/services/dataService.ts(40,1): error TS1160: Unterminated template literal.
